# NBench.FakeBenchmark
_3/13/2017 12:00:00 AM_
### System Info
```ini
NBench=NBench, Version=0.3.4.0, Culture=neutral, PublicKeyToken=null
OS=Microsoft Windows NT 10.0.14393.0
ProcessorCount=8
CLR=4.0.30319.42000,IsMono=False,MaxGcGeneration=2
```

### NBench Settings
```ini
RunMode=Iterations, TestMode=Test
NumberOfIterations=30, MaximumRunTime=00:00:01
Concurrent=False
Tracing=False
```

## Data
-------------------

### Totals
|          Metric |           Units |             Max |         Average |             Min |          StdDev |
|---------------- |---------------- |---------------- |---------------- |---------------- |---------------- |

### Per-second Totals
|          Metric |       Units / s |         Max / s |     Average / s |         Min / s |      StdDev / s |
|---------------- |---------------- |---------------- |---------------- |---------------- |---------------- |

### Raw Data

